2026-07-22 10:39:02,429 [INFO] Found 7 PDF link(s) on listing page.
2026-07-22 10:39:02,782 [INFO] Downloaded: 2026-07-22.pdf  <-  https://weather.gov.pk/storage/uploads/nwfc/daily_rainfall/pdf/22-07-2026.pdf
2026-07-22 10:39:03,126 [INFO] Downloaded: 2026-07-21.pdf  <-  https://weather.gov.pk/storage/uploads/nwfc/daily_rainfall/pdf/21-07-2026.pdf
2026-07-22 10:39:03,393 [INFO] Downloaded: 2026-07-20.pdf  <-  https://weather.gov.pk/storage/uploads/nwfc/daily_rainfall/pdf/20-07-2026.pdf
2026-07-22 10:39:04,044 [INFO] Downloaded: 2026-07-19.pdf  <-  https://weather.gov.pk/storage/uploads/nwfc/daily_rainfall/pdf/19-07-2026.pdf
2026-07-22 10:39:04,308 [INFO] Downloaded: 2026-07-18.pdf  <-  https://weather.gov.pk/storage/uploads/nwfc/daily_rainfall/pdf/18-07-2026.pdf
2026-07-22 10:39:04,427 [INFO] Skipped (already exists): 2026-07-22.pdf
2026-07-22 10:39:05,014 [INFO] Downloaded: 2026-07-16.pdf  <-  https://weather.gov.pk/storage/uploads/nwfc/daily_rainfall/pdf/16-07-2026.pdf
2026-07-22 10:39:05,015 [INFO] No listing link for 2026-07-17, probing fallback: https://weather.gov.pk/storage/uploads/nwfc/daily_rainfall/pdf/17-07-2026.pdf
2026-07-22 10:39:05,722 [INFO] No valid report found for 2026-07-17.
2026-07-22 10:39:05,722 [INFO] Run complete. Downloaded: 6, Skipped: 1, Failed: 0
2026-07-23 10:17:38,846 [INFO] Found 7 PDF link(s) on listing page.
2026-07-23 10:17:40,590 [INFO] Downloaded: 2026-07-23.pdf  <-  https://weather.gov.pk/storage/uploads/nwfc/daily_rainfall/pdf/23-07-2026.pdf
2026-07-23 10:17:40,876 [INFO] Skipped (already exists): 2026-07-22.pdf
2026-07-23 10:17:41,627 [INFO] Skipped (already exists): 2026-07-21.pdf
2026-07-23 10:17:42,366 [INFO] Skipped (already exists): 2026-07-20.pdf
2026-07-23 10:17:43,126 [INFO] Skipped (already exists): 2026-07-19.pdf
2026-07-23 10:17:43,896 [INFO] Skipped (already exists): 2026-07-18.pdf
2026-07-23 10:17:44,176 [INFO] Skipped (already exists): 2026-07-23.pdf
2026-07-23 10:17:44,176 [INFO] No listing link for 2026-07-17, probing fallback: https://weather.gov.pk/storage/uploads/nwfc/daily_rainfall/pdf/17-07-2026.pdf
2026-07-23 10:17:45,393 [INFO] No valid report found for 2026-07-17.
2026-07-23 10:17:45,393 [INFO] Run complete. Downloaded: 1, Skipped: 6, Failed: 0
2026-07-23 10:17:45,578 [INFO] Parsed 2026-07-23.pdf: 47 station reading(s), 10 unmatched name(s) skipped
2026-07-23 11:35:14,424 [INFO] Found 7 PDF link(s) on listing page.
2026-07-23 11:35:18,168 [INFO] Skipped (already exists): 2026-07-23.pdf
2026-07-23 11:35:18,479 [INFO] Skipped (already exists): 2026-07-22.pdf
2026-07-23 11:35:18,763 [INFO] Skipped (already exists): 2026-07-21.pdf
2026-07-23 11:35:19,061 [INFO] Skipped (already exists): 2026-07-20.pdf
2026-07-23 11:35:19,360 [INFO] Skipped (already exists): 2026-07-19.pdf
2026-07-23 11:35:20,920 [INFO] Skipped (already exists): 2026-07-18.pdf
2026-07-23 11:35:25,786 [INFO] Skipped (already exists): 2026-07-23.pdf
2026-07-23 11:35:25,786 [INFO] No listing link for 2026-07-17, probing fallback: https://weather.gov.pk/storage/uploads/nwfc/daily_rainfall/pdf/17-07-2026.pdf
2026-07-23 11:35:26,883 [INFO] No valid report found for 2026-07-17.
2026-07-23 11:35:26,883 [INFO] Run complete. Downloaded: 0, Skipped: 7, Failed: 0
<<<<<<< HEAD
2026-07-23 15:07:14,764 [INFO] Found 7 PDF link(s) on listing page.
2026-07-23 15:07:15,065 [INFO] Skipped (already exists): 2026-07-23.pdf
2026-07-23 15:07:15,378 [INFO] Skipped (already exists): 2026-07-22.pdf
2026-07-23 15:07:15,691 [INFO] Skipped (already exists): 2026-07-21.pdf
2026-07-23 15:07:16,483 [INFO] Skipped (already exists): 2026-07-20.pdf
2026-07-23 15:07:17,883 [INFO] Skipped (already exists): 2026-07-19.pdf
2026-07-23 15:07:18,669 [INFO] Skipped (already exists): 2026-07-18.pdf
2026-07-23 15:07:19,466 [INFO] Skipped (already exists): 2026-07-23.pdf
2026-07-23 15:07:19,466 [INFO] No listing link for 2026-07-17, probing fallback: https://weather.gov.pk/storage/uploads/nwfc/daily_rainfall/pdf/17-07-2026.pdf
2026-07-23 15:07:20,183 [INFO] No valid report found for 2026-07-17.
2026-07-23 15:07:20,183 [INFO] Run complete. Downloaded: 0, Skipped: 7, Failed: 0
=======
2026-07-23 10:02:02,757 [WARNING] Could not fetch listing page (https://weather.gov.pk/nwfc/daily-rainfall): 403 Client Error: Forbidden for url: https://weather.gov.pk/nwfc/daily-rainfall
2026-07-23 10:02:02,757 [INFO] No listing link for 2026-07-23, probing fallback: https://weather.gov.pk/storage/uploads/nwfc/daily_rainfall/pdf/23-07-2026.pdf
2026-07-23 10:02:02,769 [WARNING] Unexpected status 403 verifying https://weather.gov.pk/storage/uploads/nwfc/daily_rainfall/pdf/23-07-2026.pdf
2026-07-23 10:02:02,770 [INFO] No valid report found for 2026-07-23.
2026-07-23 10:02:02,770 [INFO] Run complete. Downloaded: 0, Skipped: 0, Failed: 0
>>>>>>> dc4625a2c643d47701154b5eeb6d1c30c3938079
2026-07-24 05:23:13,910 [WARNING] Could not fetch listing page (https://weather.gov.pk/nwfc/daily-rainfall): 403 Client Error: Forbidden for url: https://weather.gov.pk/nwfc/daily-rainfall
2026-07-24 05:23:13,910 [INFO] No listing link for 2026-07-24, probing fallback: https://weather.gov.pk/storage/uploads/nwfc/daily_rainfall/pdf/24-07-2026.pdf
2026-07-24 05:23:13,922 [WARNING] Unexpected status 403 verifying https://weather.gov.pk/storage/uploads/nwfc/daily_rainfall/pdf/24-07-2026.pdf
2026-07-24 05:23:13,923 [INFO] No valid report found for 2026-07-24.
2026-07-24 05:23:13,923 [INFO] Run complete. Downloaded: 0, Skipped: 0, Failed: 0
2026-07-24 05:23:13,924 [INFO] Found 45 PDF files to process
2026-07-24 05:23:13,924 [INFO] Parsing 2026-06-18.pdf...
2026-07-24 05:23:14,130 [INFO] ✓ Parsed 2026-06-18.pdf: 29 station reading(s)
2026-07-24 05:23:14,131 [INFO] Parsing 2026-07-04.pdf...
2026-07-24 05:23:14,218 [ERROR] ✗ Failed to parse 2026-07-04.pdf: UNIQUE constraint failed: readings.date, readings.station
2026-07-24 12:31:50,902 [INFO] Found 6 PDF link(s) on listing page.
2026-07-24 12:31:51,308 [INFO] Downloaded: 2026-07-24.pdf  <-  https://weather.gov.pk/storage/uploads/nwfc/daily_rainfall/pdf/24-July-2026.pdf
2026-07-24 12:31:51,449 [INFO] Skipped (already exists): 2026-07-23.pdf
2026-07-24 12:31:51,917 [INFO] Skipped (already exists): 2026-07-22.pdf
2026-07-24 12:31:52,370 [INFO] Skipped (already exists): 2026-07-21.pdf
2026-07-24 12:31:52,511 [INFO] Skipped (already exists): 2026-07-20.pdf
2026-07-24 12:31:52,951 [INFO] Skipped (already exists): 2026-07-19.pdf
2026-07-24 12:31:52,951 [INFO] No listing link for 2026-07-24, probing fallback: https://weather.gov.pk/storage/uploads/nwfc/daily_rainfall/pdf/24-07-2026.pdf
2026-07-24 12:31:53,683 [INFO] No valid report found for 2026-07-24.
2026-07-24 12:31:53,683 [INFO] No listing link for 2026-07-18, probing fallback: https://weather.gov.pk/storage/uploads/nwfc/daily_rainfall/pdf/18-07-2026.pdf
2026-07-24 12:31:54,151 [INFO] Skipped (already exists): 2026-07-18.pdf
2026-07-24 12:31:54,151 [INFO] Run complete. Downloaded: 1, Skipped: 6, Failed: 0
2026-07-24 12:31:54,569 [INFO] Found 46 PDF files to process
2026-07-24 08:03:47,397 [WARNING] Could not fetch listing page (https://weather.gov.pk/nwfc/daily-rainfall): 403 Client Error: Forbidden for url: https://weather.gov.pk/nwfc/daily-rainfall
2026-07-24 08:03:47,397 [INFO] No listing link for 2026-07-24, probing fallback: https://weather.gov.pk/storage/uploads/nwfc/daily_rainfall/pdf/24-07-2026.pdf
2026-07-24 08:03:47,419 [WARNING] Unexpected status 403 verifying https://weather.gov.pk/storage/uploads/nwfc/daily_rainfall/pdf/24-07-2026.pdf
2026-07-24 08:03:47,419 [INFO] No valid report found for 2026-07-24.
2026-07-24 08:03:47,419 [INFO] Run complete. Downloaded: 0, Skipped: 0, Failed: 0
2026-07-24 08:03:47,420 [INFO] Found 46 PDF files to process
2026-07-25 07:08:25,641 [WARNING] Could not fetch listing page (https://weather.gov.pk/nwfc/daily-rainfall): 403 Client Error: Forbidden for url: https://weather.gov.pk/nwfc/daily-rainfall
2026-07-25 07:08:25,641 [INFO] No listing link for 2026-07-25, probing fallback: https://weather.gov.pk/storage/uploads/nwfc/daily_rainfall/pdf/25-07-2026.pdf
2026-07-25 07:08:25,654 [WARNING] Unexpected status 403 verifying https://weather.gov.pk/storage/uploads/nwfc/daily_rainfall/pdf/25-07-2026.pdf
2026-07-25 07:08:25,655 [INFO] No valid report found for 2026-07-25.
2026-07-25 07:08:25,656 [INFO] Run complete. Downloaded: 0, Skipped: 0, Failed: 0
2026-07-25 07:08:25,656 [INFO] Found 46 PDF files to process
2026-07-25 07:47:15,774 [WARNING] Could not fetch listing page (https://weather.gov.pk/nwfc/daily-rainfall): 403 Client Error: Forbidden for url: https://weather.gov.pk/nwfc/daily-rainfall
2026-07-25 07:47:15,774 [INFO] No listing link for 2026-07-25, probing fallback: https://weather.gov.pk/storage/uploads/nwfc/daily_rainfall/pdf/25-07-2026.pdf
2026-07-25 07:47:15,794 [WARNING] Unexpected status 403 verifying https://weather.gov.pk/storage/uploads/nwfc/daily_rainfall/pdf/25-07-2026.pdf
2026-07-25 07:47:15,794 [INFO] No valid report found for 2026-07-25.
2026-07-25 07:47:15,795 [INFO] Run complete. Downloaded: 0, Skipped: 0, Failed: 0
2026-07-25 07:47:15,795 [INFO] Found 46 PDF files to process
2026-07-26 07:29:30,215 [WARNING] Could not fetch listing page (https://weather.gov.pk/nwfc/daily-rainfall): 403 Client Error: Forbidden for url: https://weather.gov.pk/nwfc/daily-rainfall
2026-07-26 07:29:30,216 [INFO] No listing link for 2026-07-26, probing fallback: https://weather.gov.pk/storage/uploads/nwfc/daily_rainfall/pdf/26-07-2026.pdf
2026-07-26 07:29:30,229 [WARNING] Unexpected status 403 verifying https://weather.gov.pk/storage/uploads/nwfc/daily_rainfall/pdf/26-07-2026.pdf
2026-07-26 07:29:30,230 [INFO] No valid report found for 2026-07-26.
2026-07-26 07:29:30,230 [INFO] Run complete. Downloaded: 0, Skipped: 0, Failed: 0
2026-07-26 07:29:30,231 [INFO] Found 46 PDF files to process
2026-07-26 08:03:33,375 [WARNING] Could not fetch listing page (https://weather.gov.pk/nwfc/daily-rainfall): 403 Client Error: Forbidden for url: https://weather.gov.pk/nwfc/daily-rainfall
2026-07-26 08:03:33,375 [INFO] No listing link for 2026-07-26, probing fallback: https://weather.gov.pk/storage/uploads/nwfc/daily_rainfall/pdf/26-07-2026.pdf
2026-07-26 08:03:33,388 [WARNING] Unexpected status 403 verifying https://weather.gov.pk/storage/uploads/nwfc/daily_rainfall/pdf/26-07-2026.pdf
2026-07-26 08:03:33,388 [INFO] No valid report found for 2026-07-26.
2026-07-26 08:03:33,389 [INFO] Run complete. Downloaded: 0, Skipped: 0, Failed: 0
2026-07-26 08:03:33,389 [INFO] Found 46 PDF files to process
2026-07-27 08:20:42,642 [WARNING] Could not fetch listing page (https://weather.gov.pk/nwfc/daily-rainfall): 403 Client Error: Forbidden for url: https://weather.gov.pk/nwfc/daily-rainfall
2026-07-27 08:20:42,642 [INFO] No listing link for 2026-07-27, probing fallback: https://weather.gov.pk/storage/uploads/nwfc/daily_rainfall/pdf/27-07-2026.pdf
2026-07-27 08:20:42,659 [WARNING] Unexpected status 403 verifying https://weather.gov.pk/storage/uploads/nwfc/daily_rainfall/pdf/27-07-2026.pdf
2026-07-27 08:20:42,660 [INFO] No valid report found for 2026-07-27.
2026-07-27 08:20:42,661 [INFO] Run complete. Downloaded: 0, Skipped: 0, Failed: 0
2026-07-27 08:20:42,662 [INFO] Found 46 PDF files to process
2026-07-27 09:22:34,586 [WARNING] Could not fetch listing page (https://weather.gov.pk/nwfc/daily-rainfall): 403 Client Error: Forbidden for url: https://weather.gov.pk/nwfc/daily-rainfall
2026-07-27 09:22:34,586 [INFO] No listing link for 2026-07-27, probing fallback: https://weather.gov.pk/storage/uploads/nwfc/daily_rainfall/pdf/27-07-2026.pdf
2026-07-27 09:22:34,599 [WARNING] Unexpected status 403 verifying https://weather.gov.pk/storage/uploads/nwfc/daily_rainfall/pdf/27-07-2026.pdf
2026-07-27 09:22:34,600 [INFO] No valid report found for 2026-07-27.
2026-07-27 09:22:34,601 [INFO] Run complete. Downloaded: 0, Skipped: 0, Failed: 0
2026-07-27 09:22:34,601 [INFO] Found 46 PDF files to process
2026-07-28 07:30:41,788 [WARNING] Could not fetch listing page (https://weather.gov.pk/nwfc/daily-rainfall): 403 Client Error: Forbidden for url: https://weather.gov.pk/nwfc/daily-rainfall
2026-07-28 07:30:41,788 [INFO] No listing link for 2026-07-28, probing fallback: https://weather.gov.pk/storage/uploads/nwfc/daily_rainfall/pdf/28-07-2026.pdf
2026-07-28 07:30:41,802 [WARNING] Unexpected status 403 verifying https://weather.gov.pk/storage/uploads/nwfc/daily_rainfall/pdf/28-07-2026.pdf
2026-07-28 07:30:41,803 [INFO] No valid report found for 2026-07-28.
2026-07-28 07:30:41,803 [INFO] Run complete. Downloaded: 0, Skipped: 0, Failed: 0
2026-07-28 07:30:41,804 [INFO] Found 46 PDF files to process
2026-07-28 08:10:37,462 [WARNING] Could not fetch listing page (https://weather.gov.pk/nwfc/daily-rainfall): 403 Client Error: Forbidden for url: https://weather.gov.pk/nwfc/daily-rainfall
2026-07-28 08:10:37,462 [INFO] No listing link for 2026-07-28, probing fallback: https://weather.gov.pk/storage/uploads/nwfc/daily_rainfall/pdf/28-07-2026.pdf
2026-07-28 08:10:37,494 [WARNING] Unexpected status 403 verifying https://weather.gov.pk/storage/uploads/nwfc/daily_rainfall/pdf/28-07-2026.pdf
2026-07-28 08:10:37,495 [INFO] No valid report found for 2026-07-28.
2026-07-28 08:10:37,495 [INFO] Run complete. Downloaded: 0, Skipped: 0, Failed: 0
2026-07-28 08:10:37,496 [INFO] Found 46 PDF files to process
2026-07-29 07:36:25,504 [WARNING] Could not fetch listing page (https://weather.gov.pk/nwfc/daily-rainfall): 403 Client Error: Forbidden for url: https://weather.gov.pk/nwfc/daily-rainfall
2026-07-29 07:36:25,504 [INFO] No listing link for 2026-07-29, probing fallback: https://weather.gov.pk/storage/uploads/nwfc/daily_rainfall/pdf/29-07-2026.pdf
2026-07-29 07:36:25,523 [WARNING] Unexpected status 403 verifying https://weather.gov.pk/storage/uploads/nwfc/daily_rainfall/pdf/29-07-2026.pdf
2026-07-29 07:36:25,524 [INFO] No valid report found for 2026-07-29.
2026-07-29 07:36:25,524 [INFO] Run complete. Downloaded: 0, Skipped: 0, Failed: 0
2026-07-29 07:36:25,525 [INFO] Found 46 PDF files to process
2026-07-29 08:14:35,462 [WARNING] Could not fetch listing page (https://weather.gov.pk/nwfc/daily-rainfall): 403 Client Error: Forbidden for url: https://weather.gov.pk/nwfc/daily-rainfall
2026-07-29 08:14:35,463 [INFO] No listing link for 2026-07-29, probing fallback: https://weather.gov.pk/storage/uploads/nwfc/daily_rainfall/pdf/29-07-2026.pdf
2026-07-29 08:14:35,474 [WARNING] Unexpected status 403 verifying https://weather.gov.pk/storage/uploads/nwfc/daily_rainfall/pdf/29-07-2026.pdf
2026-07-29 08:14:35,475 [INFO] No valid report found for 2026-07-29.
2026-07-29 08:14:35,475 [INFO] Run complete. Downloaded: 0, Skipped: 0, Failed: 0
2026-07-29 08:14:35,476 [INFO] Found 46 PDF files to process
2026-07-30 07:25:57,925 [WARNING] Could not fetch listing page (https://weather.gov.pk/nwfc/daily-rainfall): 403 Client Error: Forbidden for url: https://weather.gov.pk/nwfc/daily-rainfall
2026-07-30 07:25:57,926 [INFO] No listing link for 2026-07-30, probing fallback: https://weather.gov.pk/storage/uploads/nwfc/daily_rainfall/pdf/30-07-2026.pdf
2026-07-30 07:25:57,954 [WARNING] Unexpected status 403 verifying https://weather.gov.pk/storage/uploads/nwfc/daily_rainfall/pdf/30-07-2026.pdf
2026-07-30 07:25:57,955 [INFO] No valid report found for 2026-07-30.
2026-07-30 07:25:57,955 [INFO] Run complete. Downloaded: 0, Skipped: 0, Failed: 0
2026-07-30 07:25:57,958 [INFO] Found 46 PDF files to process
2026-07-30 08:03:22,476 [WARNING] Could not fetch listing page (https://weather.gov.pk/nwfc/daily-rainfall): 403 Client Error: Forbidden for url: https://weather.gov.pk/nwfc/daily-rainfall
2026-07-30 08:03:22,476 [INFO] No listing link for 2026-07-30, probing fallback: https://weather.gov.pk/storage/uploads/nwfc/daily_rainfall/pdf/30-07-2026.pdf
2026-07-30 08:03:22,495 [WARNING] Unexpected status 403 verifying https://weather.gov.pk/storage/uploads/nwfc/daily_rainfall/pdf/30-07-2026.pdf
2026-07-30 08:03:22,496 [INFO] No valid report found for 2026-07-30.
2026-07-30 08:03:22,496 [INFO] Run complete. Downloaded: 0, Skipped: 0, Failed: 0
2026-07-30 08:03:22,498 [INFO] Found 46 PDF files to process
2026-07-31 07:44:03,900 [WARNING] Could not fetch listing page (https://weather.gov.pk/nwfc/daily-rainfall): 403 Client Error: Forbidden for url: https://weather.gov.pk/nwfc/daily-rainfall
2026-07-31 07:44:03,900 [INFO] No listing link for 2026-07-31, probing fallback: https://weather.gov.pk/storage/uploads/nwfc/daily_rainfall/pdf/31-07-2026.pdf
2026-07-31 07:44:03,944 [WARNING] Unexpected status 403 verifying https://weather.gov.pk/storage/uploads/nwfc/daily_rainfall/pdf/31-07-2026.pdf
2026-07-31 07:44:03,945 [INFO] No valid report found for 2026-07-31.
2026-07-31 07:44:03,946 [INFO] Run complete. Downloaded: 0, Skipped: 0, Failed: 0
2026-07-31 07:44:03,946 [INFO] Found 46 PDF files to process
2026-07-31 08:28:51,086 [WARNING] Could not fetch listing page (https://weather.gov.pk/nwfc/daily-rainfall): 403 Client Error: Forbidden for url: https://weather.gov.pk/nwfc/daily-rainfall
2026-07-31 08:28:51,087 [INFO] No listing link for 2026-07-31, probing fallback: https://weather.gov.pk/storage/uploads/nwfc/daily_rainfall/pdf/31-07-2026.pdf
2026-07-31 08:28:51,099 [WARNING] Unexpected status 403 verifying https://weather.gov.pk/storage/uploads/nwfc/daily_rainfall/pdf/31-07-2026.pdf
2026-07-31 08:28:51,100 [INFO] No valid report found for 2026-07-31.
2026-07-31 08:28:51,100 [INFO] Run complete. Downloaded: 0, Skipped: 0, Failed: 0
2026-07-31 08:28:51,100 [INFO] Found 46 PDF files to process
